
   FAIL  Tests\Feature\RoleAccessTest
  Ô¿» it no permite a un usuario normal ver la papelera de vehiculos       0.06s  
  Ô¿» it permite a un admin ver la papelera de vehiculos
  ÔöÇÔöÇÔöÇÔöÇÔöÇÔöÇÔöÇÔöÇÔöÇÔöÇÔöÇÔöÇÔöÇÔöÇÔöÇÔöÇÔöÇÔöÇÔöÇÔöÇÔöÇÔöÇÔöÇÔöÇÔöÇÔöÇÔöÇÔöÇÔöÇÔöÇÔöÇÔöÇÔöÇÔöÇÔöÇÔöÇÔöÇÔöÇÔöÇÔöÇÔöÇÔöÇÔöÇÔöÇÔöÇÔöÇÔöÇÔöÇÔöÇÔöÇÔöÇÔöÇÔöÇÔöÇÔöÇÔöÇÔöÇÔöÇÔöÇÔöÇÔöÇÔöÇÔöÇÔöÇÔöÇÔöÇÔöÇÔöÇÔöÇÔöÇÔöÇÔöÇÔöÇÔöÇÔöÇÔöÇ  
   FAILED  Tests\Feature\RoleAccessTest > it no permite aÔÇª   RuntimeException   
  A facade root has not been set.

  at vendor\laravel\framework\src\Illuminate\Support\Facades\Facade.php:360
    356Ôûò     {
    357Ôûò         $instance = static::getFacadeRoot();
    358Ôûò 
    359Ôûò         if (! $instance) {
  Ô×£ 360Ôûò             throw new RuntimeException('A facade root has not been set.');
    361Ôûò         }
    362Ôûò 
    363Ôûò         return $instance->$method(...$args);
    364Ôûò     }

  1   vendor\laravel\framework\src\Illuminate\Support\Facades\Facade.php:360
  2   database\factories\UserFactory.php:30

  ÔöÇÔöÇÔöÇÔöÇÔöÇÔöÇÔöÇÔöÇÔöÇÔöÇÔöÇÔöÇÔöÇÔöÇÔöÇÔöÇÔöÇÔöÇÔöÇÔöÇÔöÇÔöÇÔöÇÔöÇÔöÇÔöÇÔöÇÔöÇÔöÇÔöÇÔöÇÔöÇÔöÇÔöÇÔöÇÔöÇÔöÇÔöÇÔöÇÔöÇÔöÇÔöÇÔöÇÔöÇÔöÇÔöÇÔöÇÔöÇÔöÇÔöÇÔöÇÔöÇÔöÇÔöÇÔöÇÔöÇÔöÇÔöÇÔöÇÔöÇÔöÇÔöÇÔöÇÔöÇÔöÇÔöÇÔöÇÔöÇÔöÇÔöÇÔöÇÔöÇÔöÇÔöÇÔöÇÔöÇ  
   FAILED  Tests\Feature\RoleAccessTest > it permite a unÔÇª   RuntimeException   
  A facade root has not been set.

  at vendor\laravel\framework\src\Illuminate\Support\Facades\Facade.php:360
    356Ôûò     {
    357Ôûò         $instance = static::getFacadeRoot();
    358Ôûò 
    359Ôûò         if (! $instance) {
  Ô×£ 360Ôûò             throw new RuntimeException('A facade root has not been set.');
    361Ôûò         }
    362Ôûò 
    363Ôûò         return $instance->$method(...$args);
    364Ôûò     }

  1   vendor\laravel\framework\src\Illuminate\Support\Facades\Facade.php:360
  2   database\factories\UserFactory.php:30


  Tests:    2 failed (0 assertions)
  Duration: 0.22s

